C51 COMPILER V9.01   RSD                                                                   07/12/2018 15:31:13 PAGE 1   


C51 COMPILER V9.01, COMPILATION OF MODULE RSD
OBJECT MODULE PLACED IN rsd.OBJ
COMPILER INVOKED BY: D:\C51\BIN\C51.EXE rsd.c COMPACT BROWSE DEBUG OBJECTEXTEND

line level    source

   1          #include "rsd.h"
   2          
   3          uchar check_rsd()
   4          {
   5   1              uchar i;
   6   1              if(rsd==1)
   7   1                      i=1;
   8   1              else
   9   1                      i=0;
  10   1              return i ;
  11   1      }


MODULE INFORMATION:   STATIC OVERLAYABLE
   CODE SIZE        =     10    ----
   CONSTANT SIZE    =   ----    ----
   XDATA SIZE       =   ----    ----
   PDATA SIZE       =   ----    ----
   DATA SIZE        =   ----    ----
   IDATA SIZE       =   ----    ----
   BIT SIZE         =   ----    ----
END OF MODULE INFORMATION.


C51 COMPILATION COMPLETE.  0 WARNING(S),  0 ERROR(S)
